[debug] > Exec(early(addDefaultCommands), None, None)
[debug] > Exec(addDefaultCommands, None, None)
[debug] > Exec(early(initialize), None, None)
[debug] > Exec(initialize, None, None)
[debug] > Exec(boot, None, None)
[debug] > Exec(writeSbtVersion, None, None)
[debug] > Exec(reload, None, None)
[debug] > Exec(sbtStashOnFailure, None, None)
[debug] > Exec(onFailure loadFailed, None, None)
[debug] > Exec(loadp, None, None)
[info] welcome to sbt 1.10.2 (Red Hat, Inc. Java 11.0.25)
[debug] Load.defaultLoad until apply took 141.705028ms
[debug]           Load.loadUnit: plugins took 152.681488ms
[debug]           Load.loadUnit: defsScala took 0.489943ms
[debug] [Loading] Scanning directory /root/workspace/chisel_demo/project
[debug] [Loading] Found non-root projects 
[debug] [Loading] Done in /root/workspace/chisel_demo/project, returning: ()
[debug] deducing auto plugins based on known facts Set(Atom(sbt.plugins.CorePlugin)) and clauses Clauses(Clause(Atom(sbt.plugins.JvmPlugin),Set(Atom(sbt.plugins.IvyPlugin)))
[debug] Clause(Atom(sbt.ScriptedPlugin),Set(Atom(sbt.plugins.JvmPlugin)))
[debug] Clause(Atom(sbt.plugins.SbtPlugin),Set(Atom(sbt.ScriptedPlugin)))
[debug] Clause(Atom(sbt.plugins.SemanticdbPlugin),Set(Atom(sbt.plugins.JvmPlugin)))
[debug] Clause(Atom(sbt.plugins.JUnitXmlReportPlugin),Set(Atom(sbt.plugins.JvmPlugin)))
[debug] Clause(Atom(sbt.plugins.MiniDependencyTreePlugin),Set(Atom(sbt.plugins.JvmPlugin)))
[debug] Clause(Atom(sbt.plugins.CorePlugin),Set(Atom(sbt.plugins.IvyPlugin)))
[debug] Clause(Atom(sbt.plugins.IvyPlugin),Set(Atom(sbt.plugins.JvmPlugin)))
[debug] Clause(Atom(sbt.plugins.JvmPlugin),Set(Atom(sbt.plugins.SemanticdbPlugin)))
[debug] Clause(Atom(sbt.plugins.JvmPlugin),Set(Atom(sbt.plugins.JUnitXmlReportPlugin)))
[debug] Clause(Atom(sbt.plugins.CorePlugin),Set(Atom(sbt.plugins.Giter8TemplatePlugin)))
[debug] Clause(Atom(sbt.plugins.JvmPlugin),Set(Atom(sbt.plugins.MiniDependencyTreePlugin))))
[debug]   :: deduced result: Matched(sbt.plugins.CorePlugin,sbt.plugins.Giter8TemplatePlugin,sbt.plugins.IvyPlugin,sbt.plugins.JvmPlugin,sbt.plugins.MiniDependencyTreePlugin,sbt.plugins.JUnitXmlReportPlugin,sbt.plugins.SemanticdbPlugin)
[debug] Plugins.deducer#function took 26.238065 ms
[debug]               Load.resolveProject(chisel_demo-build) took 74.448641ms
[debug]             Load.loadTransitive: finalizeProject(Project(id chisel_demo-build, base: /root/workspace/chisel_demo/project, plugins: List(<none>))) took 146.444584ms
[debug] [Loading] Done in /root/workspace/chisel_demo/project, returning: (chisel_demo-build)
[debug]           Load.loadUnit: loadedProjectsRaw took 177.195996ms
[debug]           Load.loadUnit: cleanEvalClasses took 0.310433ms
[debug]         Load.loadUnit(file:/root/workspace/chisel_demo/project/, ...) took 339.45931ms
[debug]       Load.apply: load took 636.553337ms
[debug]       Load.apply: resolveProjects took 12.382077ms
[debug]       Load.apply: finalTransforms took 174.10943ms
[debug]       Load.apply: config.delegates took 13.002865ms
[debug]       Load.apply: Def.make(settings)... took 835.729426ms
[debug]       Load.apply: structureIndex took 151.320692ms
[debug]       Load.apply: mkStreams took 1.627164ms
[info] loading project definition from /root/workspace/chisel_demo/project
[debug] Running task... Cancel: Signal, check cycles: false, forcegc: true
[debug]     Load.loadUnit: plugins took 3321.988709ms
[debug]     Load.loadUnit: defsScala took 0.004729ms
[debug] [Loading] Scanning directory /root/workspace/chisel_demo
[debug]       Load.loadUnit: mkEval took 9.452159ms
[debug] [Loading] Found root project root w/ remaining 
[debug] deducing auto plugins based on known facts Set(Atom(sbt.plugins.CorePlugin)) and clauses Clauses(Clause(Atom(sbt.plugins.JvmPlugin),Set(Atom(sbt.plugins.IvyPlugin)))
[debug] Clause(Atom(sbt.ScriptedPlugin),Set(Atom(sbt.plugins.JvmPlugin)))
[debug] Clause(Atom(sbt.plugins.SbtPlugin),Set(Atom(sbt.ScriptedPlugin)))
[debug] Clause(Atom(sbt.plugins.SemanticdbPlugin),Set(Atom(sbt.plugins.JvmPlugin)))
[debug] Clause(Atom(sbt.plugins.JUnitXmlReportPlugin),Set(Atom(sbt.plugins.JvmPlugin)))
[debug] Clause(Atom(sbt.plugins.MiniDependencyTreePlugin),Set(Atom(sbt.plugins.JvmPlugin)))
[debug] Clause(Atom(sbt.plugins.CorePlugin),Set(Atom(sbt.plugins.IvyPlugin)))
[debug] Clause(Atom(sbt.plugins.IvyPlugin),Set(Atom(sbt.plugins.JvmPlugin)))
[debug] Clause(Atom(sbt.plugins.JvmPlugin),Set(Atom(sbt.plugins.SemanticdbPlugin)))
[debug] Clause(Atom(sbt.plugins.JvmPlugin),Set(Atom(sbt.plugins.JUnitXmlReportPlugin)))
[debug] Clause(Atom(sbt.plugins.CorePlugin),Set(Atom(sbt.plugins.Giter8TemplatePlugin)))
[debug] Clause(Atom(sbt.plugins.JvmPlugin),Set(Atom(sbt.plugins.MiniDependencyTreePlugin))))
[debug]   :: deduced result: Matched(sbt.plugins.CorePlugin,sbt.plugins.Giter8TemplatePlugin,sbt.plugins.IvyPlugin,sbt.plugins.JvmPlugin,sbt.plugins.MiniDependencyTreePlugin,sbt.plugins.JUnitXmlReportPlugin,sbt.plugins.SemanticdbPlugin)
[debug] Plugins.deducer#function took 2.017433 ms
[info] loading settings for project root from build.sbt ...
[debug]         Load.resolveProject(root) took 2.432003ms
[debug]       Load.loadTransitive: finalizeProject(Project(id root, base: /root/workspace/chisel_demo, plugins: List(<none>))) took 5.453365ms
[debug] [Loading] Done in /root/workspace/chisel_demo, returning: (root)
[debug]     Load.loadUnit: loadedProjectsRaw took 216.143018ms
[debug]     Load.loadUnit: cleanEvalClasses took 6.196351ms
[debug]   Load.loadUnit(file:/root/workspace/chisel_demo/, ...) took 3545.735008ms
[debug] Load.apply: load took 3565.360892ms
[debug] Load.apply: resolveProjects took 0.157272ms
[debug] Load.apply: finalTransforms took 20.662488ms
[debug] Load.apply: config.delegates took 0.492735ms
[debug] Load.apply: Def.make(settings)... took 154.840758ms
[debug] Load.apply: structureIndex took 62.566575ms
[debug] Load.apply: mkStreams took 0.003997ms
[info] set current project to chisel_demo (in build file:/root/workspace/chisel_demo/)
[debug] > Exec(sbtPopOnFailure, None, None)
[debug] > Exec(resumeFromFailure, None, None)
[debug] > Exec(notifyUsersAboutShell, None, None)
[debug] > Exec(iflast shell, None, None)
[debug] > Exec(runMain GenAdder2Verilog, None, None)
[debug] Evaluating tasks: Compile / runMain
[debug] Running task... Cancel: Signal, check cycles: false, forcegc: true
[info] compiling 1 Scala source to /root/workspace/chisel_demo/target/scala-2.13/classes ...
