[debug] > Exec(early(addDefaultCommands), None, None)
[debug] > Exec(addDefaultCommands, None, None)
[debug] > Exec(early(initialize), None, None)
[debug] > Exec(initialize, None, None)
[debug] > Exec(boot, None, None)
[debug] > Exec(writeSbtVersion, None, None)
[debug] > Exec(reload, None, None)
[debug] > Exec(sbtStashOnFailure, None, None)
[debug] > Exec(onFailure loadFailed, None, None)
[debug] > Exec(loadp, None, None)
[info] welcome to sbt 1.10.2 (Red Hat, Inc. Java 11.0.25)
[debug] Load.defaultLoad until apply took 148.661002ms
[debug]           Load.loadUnit: plugins took 93.271319ms
[debug]           Load.loadUnit: defsScala took 0.336279ms
[debug] [Loading] Scanning directory /root/workspace/chisel_demo/project
[debug] [Loading] Found non-root projects 
[debug] [Loading] Done in /root/workspace/chisel_demo/project, returning: ()
[debug] deducing auto plugins based on known facts Set(Atom(sbt.plugins.CorePlugin)) and clauses Clauses(Clause(Atom(sbt.plugins.JvmPlugin),Set(Atom(sbt.plugins.IvyPlugin)))
[debug] Clause(Atom(sbt.ScriptedPlugin),Set(Atom(sbt.plugins.JvmPlugin)))
[debug] Clause(Atom(sbt.plugins.SbtPlugin),Set(Atom(sbt.ScriptedPlugin)))
[debug] Clause(Atom(sbt.plugins.SemanticdbPlugin),Set(Atom(sbt.plugins.JvmPlugin)))
[debug] Clause(Atom(sbt.plugins.JUnitXmlReportPlugin),Set(Atom(sbt.plugins.JvmPlugin)))
[debug] Clause(Atom(sbt.plugins.MiniDependencyTreePlugin),Set(Atom(sbt.plugins.JvmPlugin)))
[debug] Clause(Atom(sbt.plugins.CorePlugin),Set(Atom(sbt.plugins.IvyPlugin)))
[debug] Clause(Atom(sbt.plugins.IvyPlugin),Set(Atom(sbt.plugins.JvmPlugin)))
[debug] Clause(Atom(sbt.plugins.JvmPlugin),Set(Atom(sbt.plugins.SemanticdbPlugin)))
[debug] Clause(Atom(sbt.plugins.JvmPlugin),Set(Atom(sbt.plugins.JUnitXmlReportPlugin)))
[debug] Clause(Atom(sbt.plugins.CorePlugin),Set(Atom(sbt.plugins.Giter8TemplatePlugin)))
[debug] Clause(Atom(sbt.plugins.JvmPlugin),Set(Atom(sbt.plugins.MiniDependencyTreePlugin))))
[debug]   :: deduced result: Matched(sbt.plugins.CorePlugin,sbt.plugins.Giter8TemplatePlugin,sbt.plugins.IvyPlugin,sbt.plugins.JvmPlugin,sbt.plugins.MiniDependencyTreePlugin,sbt.plugins.JUnitXmlReportPlugin,sbt.plugins.SemanticdbPlugin)
[debug] Plugins.deducer#function took 18.186897 ms
[debug]               Load.resolveProject(chisel_demo-build) took 109.365184ms
[debug]             Load.loadTransitive: finalizeProject(Project(id chisel_demo-build, base: /root/workspace/chisel_demo/project, plugins: List(<none>))) took 164.229673ms
[debug] [Loading] Done in /root/workspace/chisel_demo/project, returning: (chisel_demo-build)
[debug]           Load.loadUnit: loadedProjectsRaw took 184.427068ms
[debug]           Load.loadUnit: cleanEvalClasses took 0.269634ms
[debug]         Load.loadUnit(file:/root/workspace/chisel_demo/project/, ...) took 283.508425ms
[debug]       Load.apply: load took 636.858167ms
[debug]       Load.apply: resolveProjects took 9.229527ms
[debug]       Load.apply: finalTransforms took 195.805923ms
[debug]       Load.apply: config.delegates took 16.426863ms
[debug]       Load.apply: Def.make(settings)... took 780.618674ms
[debug]       Load.apply: structureIndex took 105.382781ms
[debug]       Load.apply: mkStreams took 1.521828ms
[info] loading project definition from /root/workspace/chisel_demo/project
[debug] Running task... Cancel: Signal, check cycles: false, forcegc: true
[debug]     Load.loadUnit: plugins took 3359.456971ms
[debug]     Load.loadUnit: defsScala took 0.003891ms
[debug] [Loading] Scanning directory /root/workspace/chisel_demo
[debug]       Load.loadUnit: mkEval took 8.145325ms
[debug] [Loading] Found root project root w/ remaining 
[debug] deducing auto plugins based on known facts Set(Atom(sbt.plugins.CorePlugin)) and clauses Clauses(Clause(Atom(sbt.plugins.JvmPlugin),Set(Atom(sbt.plugins.IvyPlugin)))
[debug] Clause(Atom(sbt.ScriptedPlugin),Set(Atom(sbt.plugins.JvmPlugin)))
[debug] Clause(Atom(sbt.plugins.SbtPlugin),Set(Atom(sbt.ScriptedPlugin)))
[debug] Clause(Atom(sbt.plugins.SemanticdbPlugin),Set(Atom(sbt.plugins.JvmPlugin)))
[debug] Clause(Atom(sbt.plugins.JUnitXmlReportPlugin),Set(Atom(sbt.plugins.JvmPlugin)))
[debug] Clause(Atom(sbt.plugins.MiniDependencyTreePlugin),Set(Atom(sbt.plugins.JvmPlugin)))
[debug] Clause(Atom(sbt.plugins.CorePlugin),Set(Atom(sbt.plugins.IvyPlugin)))
[debug] Clause(Atom(sbt.plugins.IvyPlugin),Set(Atom(sbt.plugins.JvmPlugin)))
[debug] Clause(Atom(sbt.plugins.JvmPlugin),Set(Atom(sbt.plugins.SemanticdbPlugin)))
[debug] Clause(Atom(sbt.plugins.JvmPlugin),Set(Atom(sbt.plugins.JUnitXmlReportPlugin)))
[debug] Clause(Atom(sbt.plugins.CorePlugin),Set(Atom(sbt.plugins.Giter8TemplatePlugin)))
[debug] Clause(Atom(sbt.plugins.JvmPlugin),Set(Atom(sbt.plugins.MiniDependencyTreePlugin))))
[debug]   :: deduced result: Matched(sbt.plugins.CorePlugin,sbt.plugins.Giter8TemplatePlugin,sbt.plugins.IvyPlugin,sbt.plugins.JvmPlugin,sbt.plugins.MiniDependencyTreePlugin,sbt.plugins.JUnitXmlReportPlugin,sbt.plugins.SemanticdbPlugin)
[debug] Plugins.deducer#function took 1.99856 ms
[info] loading settings for project root from build.sbt ...
[debug]         Load.resolveProject(root) took 2.550418ms
[debug]       Load.loadTransitive: finalizeProject(Project(id root, base: /root/workspace/chisel_demo, plugins: List(<none>))) took 5.667467ms
[debug] [Loading] Done in /root/workspace/chisel_demo, returning: (root)
[debug]     Load.loadUnit: loadedProjectsRaw took 205.923366ms
[debug]     Load.loadUnit: cleanEvalClasses took 5.821329ms
[debug]   Load.loadUnit(file:/root/workspace/chisel_demo/, ...) took 3572.607192ms
[debug] Load.apply: load took 3591.570125ms
[debug] Load.apply: resolveProjects took 0.153862ms
[debug] Load.apply: finalTransforms took 18.364943ms
[debug] Load.apply: config.delegates took 0.425755ms
[debug] Load.apply: Def.make(settings)... took 150.669742ms
[debug] Load.apply: structureIndex took 37.285561ms
[debug] Load.apply: mkStreams took 0.00274ms
[info] set current project to chisel_demo (in build file:/root/workspace/chisel_demo/)
[debug] > Exec(sbtPopOnFailure, None, None)
[debug] > Exec(resumeFromFailure, None, None)
[debug] > Exec(notifyUsersAboutShell, None, None)
[info] Executing in batch mode. For better performance use sbt's shell
[debug] > Exec(iflast shell, None, None)
[debug] > Exec(compile, None, None)
[debug] Evaluating tasks: Compile / compile
[debug] Running task... Cancel: Signal, check cycles: false, forcegc: true
[info] compiling 1 Scala source to /root/workspace/chisel_demo/target/scala-2.13/classes ...
